PS D:\Vue\new-login\login project> git add .
PS D:\Vue\new-login\login project> git add .
PS D:\Vue\new-login\login project> git status 
On branch 7/10/2024
Changes to be committed:
  (use "git restore --staged <file>..." to unstage)
        modified:   package.json
        modified:   pnpm-lock.yaml
        modified:   src/components/Navbar.vue
        new file:   src/views/suggestbygpt
        modified:   tailwind.config.js
PS D:\Vue\new-login\login project> git branch
* 7/10/2024
  master
PS D:\Vue\new-login\login project> git push origin master
Enumerating objects: 11, done.
Counting objects: 100% (11/11), done.
Delta compression using up to 4 threads
Compressing objects: 100% (6/6), done.
Writing objects: 100% (6/6), 543 bytes | 271.00 KiB/s, done.
Total 6 (delta 5), reused 0 (delta 0), pack-reused 0 (from 0)
   2602010..2df6a14  master -> master
PS D:\Vue\new-login\login project> ^C
PS D:\Vue\new-login\login project> git add .
PS D:\Vue\new-login\login project> git status
On branch 7/10/2024
Changes to be committed:
  (use "git restore --staged <file>..." to unstage)
        modified:   package.json
        modified:   pnpm-lock.yaml
        modified:   src/components/Navbar.vue
        new file:   src/views/suggestbygpt

PS D:\Vue\new-login\login project> git commit -m 
error: switch `m' requires a value
[7/10/2024 fd1befb] asdfghj
 create mode 100644 src/views/suggestbygpt
PS D:\Vue\new-login\login project> git push origin master
PS D:\Vue\new-login\login project> git branch 
* 7/10/2024
  master
PS D:\Vue\new-login\login project> git push
fatal: The current branch 7/10/2024 has no upstream branch.
To push the current branch and set the remote as upstream, use

    git push --set-upstream origin 7/10/2024
To have this happen automatically for branches without a tracking
upstream, see 'push.autoSetupRemote' in 'git help config'.

PS D:\Vue\new-login\login project>  git push --set-upstream origin 7/10/2024
Enumerating objects: 20, done.
Counting objects: 100% (20/20), done.
Delta compression using up to 4 threads
Compressing objects: 100% (11/11), done.
Writing objects: 100% (11/11), 6.48 KiB | 553.00 KiB/s, done.
Total 11 (delta 8), reused 0 (delta 0), pack-reused 0 (from 0)
remote: Resolving deltas: 100% (8/8), completed with 7 local objects.
remote: 
remote: Create a pull request for '7/10/2024' on GitHub by visiting:
remote:      https://github.com/Curryyleaf/Shikhar.pro/pull/new/7/10/2024
To https://github.com/Curryyleaf/Shikhar.pro
 * [new branch]      7/10/2024 -> 7/10/2024
* 7/10/2024
  master
PS D:\Vue\new-login\login project> git add .
PS D:\Vue\new-login\login project> git status
Your branch is up to date with 'origin/7/10/2024'.
nothing to commit, working tree clean
PS D:\Vue\new-login\login project> git remote 
origin
PS D:\Vue\new-login\login project> git commit -m "today"
On branch 7/10/2024
Your branch is up to date with 'origin/7/10/2024'.

nothing to commit, working tree clean
PS D:\Vue\new-login\login project>